12:15:45 **** Incremental Build of configuration Debug for project weak3 ****
make -j8 all 
arm-none-eabi-gcc "../Src/main.c" -mcpu=cortex-m4 -std=gnu11 -g3 -DDEBUG -DSTM32 -DSTM32F4 -DSTM32F407VGTx -c -I../Inc -O0 -ffunction-sections -fdata-sections -Wall -fstack-usage -fcyclomatic-complexity -MMD -MP -MF"Src/main.d" -MT"Src/main.o" --specs=nano.specs -mfpu=fpv4-sp-d16 -mfloat-abi=hard -mthumb -o "Src/main.o"
arm-none-eabi-gcc -o "weak3.elf" @"objects.list"   -mcpu=cortex-m4 -T"C:\Users\suriy\STM32CubeIDE\workspace_1.15.1\weak3\STM32F407VGTX_FLASH.ld" --specs=nosys.specs -Wl,-Map="weak3.map" -Wl,--gc-sections -static --specs=nano.specs -mfpu=fpv4-sp-d16 -mfloat-abi=hard -mthumb -Wl,--start-group -lc -lm -Wl,--end-group
Finished building target: weak3.elf
 
arm-none-eabi-size  weak3.elf 
arm-none-eabi-objdump -h -S weak3.elf  > "weak3.list"
   text	   data	    bss	    dec	    hex	filename
    984	      0	   1568	   2552	    9f8	weak3.elf
Finished building: default.size.stdout
 
Finished building: weak3.list
 
12:15:49 **** Incremental Build of configuration Debug for project weak3 ****
make -j8 all 
arm-none-eabi-size  weak3.elf 
   text	   data	    bss	    dec	    hex	filename
    984	      0	   1568	   2552	    9f8	weak3.elf
Finished building: default.size.stdout
 
