19:55:32 **** Incremental Build of configuration Debug for project task ****
make -j8 all 
arm-none-eabi-gcc "../Src/main.c" -mcpu=cortex-m4 -std=gnu11 -g3 -DDEBUG -DSTM32 -DSTM32F4 -DSTM32F407VGTx -c -I../Inc -O0 -ffunction-sections -fdata-sections -Wall -fstack-usage -fcyclomatic-complexity -MMD -MP -MF"Src/main.d" -MT"Src/main.o" --specs=nano.specs -mfpu=fpv4-sp-d16 -mfloat-abi=hard -mthumb -o "Src/main.o"
../Src/main.c:22:4: warning: #warning "FPU is not initialized, but the project is compiling for an FPU. Please initialize the FPU before use." [-Wcpp]
   22 |   #warning "FPU is not initialized, but the project is compiling for an FPU. Please initialize the FPU before use."
      |    ^~~~~~~
arm-none-eabi-gcc -o "task.elf" @"objects.list"   -mcpu=cortex-m4 -T"C:\Users\suriy\STM32CubeIDE\workspace_1.15.1\task\STM32F407VGTX_FLASH.ld" --specs=nosys.specs -Wl,-Map="task.map" -Wl,--gc-sections -static --specs=nano.specs -mfpu=fpv4-sp-d16 -mfloat-abi=hard -mthumb -Wl,--start-group -lc -lm -Wl,--end-group
Finished building target: task.elf
 
arm-none-eabi-size  task.elf 
arm-none-eabi-objdump -h -S task.elf  > "task.list"
   text	   data	    bss	    dec	    hex	filename
    952	      0	   1568	   2520	    9d8	task.elf
Finished building: default.size.stdout
 
Finished building: task.list
 

19:55:33 Build Finished. 0 errors, 1 warnings. (took 919ms)

